============================= test session starts =============================
platform win32 -- Python 3.12.10, pytest-8.4.2, pluggy-1.6.0 -- C:\Github\PhantomArbiter\.venv\Scripts\python.exe
cachedir: .pytest_cache
rootdir: C:\Github\PhantomArbiter
configfile: pytest.ini
collecting ... collected 9 items

tests/unit/test_vault_manager.py::TestVaultRegistry::test_vault_isolation_between_engines PASSED [ 11%]
tests/unit/test_vault_manager.py::TestVaultRegistry::test_vault_reset_only_affects_target_engine PASSED [ 22%]
tests/unit/test_vault_manager.py::TestVaultRegistry::test_sync_from_live_copies_balances PASSED [ 33%]
tests/unit/test_vault_manager.py::TestVaultRegistry::test_global_snapshot_aggregation PASSED [ 44%]
tests/unit/test_vault_manager.py::TestVaultRegistry::test_lazy_instantiation_no_db_bloat FAILED [ 55%]
tests/unit/test_vault_manager.py::TestVaultRegistry::test_debit_fails_on_insufficient_balance PASSED [ 66%]
tests/unit/test_vault_manager.py::TestEngineVault::test_credit_adds_to_balance PASSED [ 77%]
tests/unit/test_vault_manager.py::TestEngineVault::test_debit_subtracts_from_balance PASSED [ 88%]
tests/unit/test_vault_manager.py::TestEngineVault::test_get_balances_includes_equity PASSED [100%]

================================== FAILURES ===================================
____________ TestVaultRegistry.test_lazy_instantiation_no_db_bloat ____________
tests\unit\test_vault_manager.py:115: in test_lazy_instantiation_no_db_bloat
    assert len(registry._vaults) == 0
E   AssertionError: assert 6 == 0
E    +  where 6 = len({'arb': EngineVault(engine_name='arb', balances={'SOL': 0.25, 'USDC': 12.5}, initial_equity=50.0, initial_sol=0.25), 'scalp': EngineVault(engine_name='scalp', balances={'SOL': 0.25, 'USDC': 512.5}, initial_equity=50.0, initial_sol=0.25), 'funding': EngineVault(engine_name='funding', balances={'SOL': 20.25, 'USDC': 12.5}, initial_equity=50.0, initial_sol=0.25), 'test_engine': EngineVault(engine_name='test_engine', balances={'SOL': 5.5, 'USDC': 1000.0, 'JTO': 50.0}, initial_equity=50.0, initial_sol=0.25), 'engine_a': EngineVault(engine_name='engine_a', balances={'SOL': 1.25, 'USDC': 112.5}, initial_equity=50.0, initial_sol=0.25), 'engine_b': EngineVault(engine_name='engine_b', balances={'SOL': 2.25, 'USDC': 212.5}, initial_equity=50.0, initial_sol=0.25)})
E    +    where {'arb': EngineVault(engine_name='arb', balances={'SOL': 0.25, 'USDC': 12.5}, initial_equity=50.0, initial_sol=0.25), 'scalp': EngineVault(engine_name='scalp', balances={'SOL': 0.25, 'USDC': 512.5}, initial_equity=50.0, initial_sol=0.25), 'funding': EngineVault(engine_name='funding', balances={'SOL': 20.25, 'USDC': 12.5}, initial_equity=50.0, initial_sol=0.25), 'test_engine': EngineVault(engine_name='test_engine', balances={'SOL': 5.5, 'USDC': 1000.0, 'JTO': 50.0}, initial_equity=50.0, initial_sol=0.25), 'engine_a': EngineVault(engine_name='engine_a', balances={'SOL': 1.25, 'USDC': 112.5}, initial_equity=50.0, initial_sol=0.25), 'engine_b': EngineVault(engine_name='engine_b', balances={'SOL': 2.25, 'USDC': 212.5}, initial_equity=50.0, initial_sol=0.25)} = <src.shared.state.vault_manager.VaultRegistry object at 0x000001B51ADA9310>._vaults
============================== warnings summary ===============================
.venv\Lib\site-packages\_pytest\config\__init__.py:1474
  C:\Github\PhantomArbiter\.venv\Lib\site-packages\_pytest\config\__init__.py:1474: PytestConfigWarning: Unknown config option: asyncio_default_fixture_loop_scope
  
    self._warn_or_fail_if_strict(f"Unknown config option: {key}\n")

.venv\Lib\site-packages\_pytest\config\__init__.py:1474
  C:\Github\PhantomArbiter\.venv\Lib\site-packages\_pytest\config\__init__.py:1474: PytestConfigWarning: Unknown config option: asyncio_mode
  
    self._warn_or_fail_if_strict(f"Unknown config option: {key}\n")

-- Docs: https://docs.pytest.org/en/stable/how-to/capture-warnings.html
=========================== short test summary info ===========================
FAILED tests/unit/test_vault_manager.py::TestVaultRegistry::test_lazy_instantiation_no_db_bloat - AssertionError: assert 6 == 0
 +  where 6 = len({'arb': EngineVault(engine_name='arb', balances={'SOL': 0.25, 'USDC': 12.5}, initial_equity=50.0, initial_sol=0.25), 'scalp': EngineVault(engine_name='scalp', balances={'SOL': 0.25, 'USDC': 512.5}, initial_equity=50.0, initial_sol=0.25), 'funding': EngineVault(engine_name='funding', balances={'SOL': 20.25, 'USDC': 12.5}, initial_equity=50.0, initial_sol=0.25), 'test_engine': EngineVault(engine_name='test_engine', balances={'SOL': 5.5, 'USDC': 1000.0, 'JTO': 50.0}, initial_equity=50.0, initial_sol=0.25), 'engine_a': EngineVault(engine_name='engine_a', balances={'SOL': 1.25, 'USDC': 112.5}, initial_equity=50.0, initial_sol=0.25), 'engine_b': EngineVault(engine_name='engine_b', balances={'SOL': 2.25, 'USDC': 212.5}, initial_equity=50.0, initial_sol=0.25)})
 +    where {'arb': EngineVault(engine_name='arb', balances={'SOL': 0.25, 'USDC': 12.5}, initial_equity=50.0, initial_sol=0.25), 'scalp': EngineVault(engine_name='scalp', balances={'SOL': 0.25, 'USDC': 512.5}, initial_equity=50.0, initial_sol=0.25), 'funding': EngineVault(engine_name='funding', balances={'SOL': 20.25, 'USDC': 12.5}, initial_equity=50.0, initial_sol=0.25), 'test_engine': EngineVault(engine_name='test_engine', balances={'SOL': 5.5, 'USDC': 1000.0, 'JTO': 50.0}, initial_equity=50.0, initial_sol=0.25), 'engine_a': EngineVault(engine_name='engine_a', balances={'SOL': 1.25, 'USDC': 112.5}, initial_equity=50.0, initial_sol=0.25), 'engine_b': EngineVault(engine_name='engine_b', balances={'SOL': 2.25, 'USDC': 212.5}, initial_equity=50.0, initial_sol=0.25)} = <src.shared.state.vault_manager.VaultRegistry object at 0x000001B51ADA9310>._vaults
=================== 1 failed, 8 passed, 2 warnings in 0.13s ===================
